2025-10-24 12:09:44,369 - app - INFO - Logging configuration completed [in D:\University\Semester-Stash\Semester-6\DIP\attendanceProject\backend\app\utils\logging_config.py:48]
2025-10-24 12:09:44,381 - app.utils.config_manager - INFO - Environment variables loaded from .env file [in D:\University\Semester-Stash\Semester-6\DIP\attendanceProject\backend\app\utils\config_manager.py:17]
2025-10-24 12:09:44,386 - app.utils.config_manager - INFO - Configuration validation successful [in D:\University\Semester-Stash\Semester-6\DIP\attendanceProject\backend\app\utils\config_manager.py:83]
2025-10-24 12:10:04,978 - app - INFO - Logging configuration completed [in D:\University\Semester-Stash\Semester-6\DIP\attendanceProject\backend\app\utils\logging_config.py:48]
2025-10-24 12:10:04,983 - app.utils.config_manager - INFO - Environment variables loaded from .env file [in D:\University\Semester-Stash\Semester-6\DIP\attendanceProject\backend\app\utils\config_manager.py:17]
2025-10-24 12:10:04,984 - app.utils.config_manager - INFO - Configuration validation successful [in D:\University\Semester-Stash\Semester-6\DIP\attendanceProject\backend\app\utils\config_manager.py:83]
2025-10-24 12:11:23,320 - app - INFO - Logging configuration completed [in D:\University\Semester-Stash\Semester-6\DIP\attendanceProject\backend\app\utils\logging_config.py:48]
2025-10-24 12:11:23,325 - app.utils.config_manager - INFO - Environment variables loaded from .env file [in D:\University\Semester-Stash\Semester-6\DIP\attendanceProject\backend\app\utils\config_manager.py:17]
2025-10-24 12:11:23,327 - app.utils.config_manager - INFO - Configuration validation successful [in D:\University\Semester-Stash\Semester-6\DIP\attendanceProject\backend\app\utils\config_manager.py:83]
2025-10-24 12:11:58,562 - app - INFO - Logging configuration completed [in D:\University\Semester-Stash\Semester-6\DIP\attendanceProject\backend\app\utils\logging_config.py:48]
2025-10-24 12:11:58,566 - app.utils.config_manager - INFO - Environment variables loaded from .env file [in D:\University\Semester-Stash\Semester-6\DIP\attendanceProject\backend\app\utils\config_manager.py:17]
2025-10-24 12:11:58,567 - app.utils.config_manager - INFO - Configuration validation successful [in D:\University\Semester-Stash\Semester-6\DIP\attendanceProject\backend\app\utils\config_manager.py:83]
2025-10-24 12:12:06,515 - app - INFO - Logging configuration completed [in D:\University\Semester-Stash\Semester-6\DIP\attendanceProject\backend\app\utils\logging_config.py:48]
2025-10-24 12:12:06,520 - app.utils.config_manager - INFO - Environment variables loaded from .env file [in D:\University\Semester-Stash\Semester-6\DIP\attendanceProject\backend\app\utils\config_manager.py:17]
2025-10-24 12:12:06,521 - app.utils.config_manager - INFO - Configuration validation successful [in D:\University\Semester-Stash\Semester-6\DIP\attendanceProject\backend\app\utils\config_manager.py:83]
2025-10-24 12:12:19,078 - app - INFO - Logging configuration completed [in D:\University\Semester-Stash\Semester-6\DIP\attendanceProject\backend\app\utils\logging_config.py:48]
2025-10-24 12:12:19,082 - app.utils.config_manager - INFO - Environment variables loaded from .env file [in D:\University\Semester-Stash\Semester-6\DIP\attendanceProject\backend\app\utils\config_manager.py:17]
2025-10-24 12:12:19,083 - app.utils.config_manager - INFO - Configuration validation successful [in D:\University\Semester-Stash\Semester-6\DIP\attendanceProject\backend\app\utils\config_manager.py:83]
2025-10-24 12:12:30,452 - app - INFO - Logging configuration completed [in D:\University\Semester-Stash\Semester-6\DIP\attendanceProject\backend\app\utils\logging_config.py:48]
2025-10-24 12:12:30,457 - app.utils.config_manager - INFO - Environment variables loaded from .env file [in D:\University\Semester-Stash\Semester-6\DIP\attendanceProject\backend\app\utils\config_manager.py:17]
2025-10-24 12:12:30,458 - app.utils.config_manager - INFO - Configuration validation successful [in D:\University\Semester-Stash\Semester-6\DIP\attendanceProject\backend\app\utils\config_manager.py:83]
2025-10-24 12:13:46,649 - app - INFO - Logging configuration completed [in D:\University\Semester-Stash\Semester-6\DIP\attendanceProject\backend\app\utils\logging_config.py:48]
2025-10-24 12:13:46,653 - app.utils.config_manager - INFO - Environment variables loaded from .env file [in D:\University\Semester-Stash\Semester-6\DIP\attendanceProject\backend\app\utils\config_manager.py:17]
2025-10-24 12:13:46,655 - app.utils.config_manager - INFO - Configuration validation successful [in D:\University\Semester-Stash\Semester-6\DIP\attendanceProject\backend\app\utils\config_manager.py:83]
2025-10-24 12:13:53,454 - app - INFO - Logging configuration completed [in D:\University\Semester-Stash\Semester-6\DIP\attendanceProject\backend\app\utils\logging_config.py:48]
2025-10-24 12:13:53,460 - app.utils.config_manager - INFO - Environment variables loaded from .env file [in D:\University\Semester-Stash\Semester-6\DIP\attendanceProject\backend\app\utils\config_manager.py:17]
2025-10-24 12:13:53,461 - app.utils.config_manager - INFO - Configuration validation successful [in D:\University\Semester-Stash\Semester-6\DIP\attendanceProject\backend\app\utils\config_manager.py:83]
2025-10-24 12:19:08,058 - app - INFO - Logging configuration completed [in D:\University\Semester-Stash\Semester-6\DIP\attendanceProject\backend\app\utils\logging_config.py:48]
2025-10-24 12:19:08,063 - app.utils.config_manager - INFO - Environment variables loaded from .env file [in D:\University\Semester-Stash\Semester-6\DIP\attendanceProject\backend\app\utils\config_manager.py:17]
2025-10-24 12:19:08,065 - app.utils.config_manager - INFO - Configuration validation successful [in D:\University\Semester-Stash\Semester-6\DIP\attendanceProject\backend\app\utils\config_manager.py:83]
2025-10-24 12:19:08,159 - app - INFO - Storage directories created and startup tasks completed [in D:\University\Semester-Stash\Semester-6\DIP\attendanceProject\backend\app\__init__.py:84]
2025-10-24 12:19:08,160 - app - INFO - Flask application initialized successfully with all components [in D:\University\Semester-Stash\Semester-6\DIP\attendanceProject\backend\app\__init__.py:86]
2025-10-24 12:19:10,618 - app - INFO - Logging configuration completed [in D:\University\Semester-Stash\Semester-6\DIP\attendanceProject\backend\app\utils\logging_config.py:48]
2025-10-24 12:19:10,623 - app.utils.config_manager - INFO - Environment variables loaded from .env file [in D:\University\Semester-Stash\Semester-6\DIP\attendanceProject\backend\app\utils\config_manager.py:17]
2025-10-24 12:19:10,625 - app.utils.config_manager - INFO - Configuration validation successful [in D:\University\Semester-Stash\Semester-6\DIP\attendanceProject\backend\app\utils\config_manager.py:83]
2025-10-24 12:19:10,713 - app - INFO - Storage directories created and startup tasks completed [in D:\University\Semester-Stash\Semester-6\DIP\attendanceProject\backend\app\__init__.py:84]
2025-10-24 12:19:10,714 - app - INFO - Flask application initialized successfully with all components [in D:\University\Semester-Stash\Semester-6\DIP\attendanceProject\backend\app\__init__.py:86]
2025-10-24 12:19:10,770 - werkzeug - WARNING -  * Debugger is active! [in C:\Users\aaa\miniconda3\envs\dip_env\lib\site-packages\werkzeug\_internal.py:97]
2025-10-24 12:21:05,995 - app - INFO - Logging configuration completed [in D:\University\Semester-Stash\Semester-6\DIP\attendanceProject\backend\app\utils\logging_config.py:48]
2025-10-24 12:21:05,999 - app.utils.config_manager - INFO - Environment variables loaded from .env file [in D:\University\Semester-Stash\Semester-6\DIP\attendanceProject\backend\app\utils\config_manager.py:17]
2025-10-24 12:21:06,002 - app.utils.config_manager - INFO - Configuration validation successful [in D:\University\Semester-Stash\Semester-6\DIP\attendanceProject\backend\app\utils\config_manager.py:83]
2025-10-24 12:21:06,111 - app - INFO - Storage directories created and startup tasks completed [in D:\University\Semester-Stash\Semester-6\DIP\attendanceProject\backend\app\__init__.py:84]
2025-10-24 12:21:06,113 - app - INFO - Flask application initialized successfully with all components [in D:\University\Semester-Stash\Semester-6\DIP\attendanceProject\backend\app\__init__.py:86]
2025-10-24 12:21:06,174 - werkzeug - WARNING -  * Debugger is active! [in C:\Users\aaa\miniconda3\envs\dip_env\lib\site-packages\werkzeug\_internal.py:97]
2025-10-24 12:21:26,312 - app - INFO - Logging configuration completed [in D:\University\Semester-Stash\Semester-6\DIP\attendanceProject\backend\app\utils\logging_config.py:48]
2025-10-24 12:21:26,315 - app.utils.config_manager - INFO - Environment variables loaded from .env file [in D:\University\Semester-Stash\Semester-6\DIP\attendanceProject\backend\app\utils\config_manager.py:17]
2025-10-24 12:21:26,316 - app.utils.config_manager - INFO - Configuration validation successful [in D:\University\Semester-Stash\Semester-6\DIP\attendanceProject\backend\app\utils\config_manager.py:83]
2025-10-24 12:21:26,395 - app - INFO - Storage directories created and startup tasks completed [in D:\University\Semester-Stash\Semester-6\DIP\attendanceProject\backend\app\__init__.py:84]
2025-10-24 12:21:26,396 - app - INFO - Flask application initialized successfully with all components [in D:\University\Semester-Stash\Semester-6\DIP\attendanceProject\backend\app\__init__.py:86]
2025-10-24 12:21:26,443 - werkzeug - WARNING -  * Debugger is active! [in C:\Users\aaa\miniconda3\envs\dip_env\lib\site-packages\werkzeug\_internal.py:97]
2025-10-24 12:21:38,204 - app - INFO - Logging configuration completed [in D:\University\Semester-Stash\Semester-6\DIP\attendanceProject\backend\app\utils\logging_config.py:48]
2025-10-24 12:21:38,211 - app.utils.config_manager - INFO - Environment variables loaded from .env file [in D:\University\Semester-Stash\Semester-6\DIP\attendanceProject\backend\app\utils\config_manager.py:17]
2025-10-24 12:21:38,215 - app.utils.config_manager - INFO - Configuration validation successful [in D:\University\Semester-Stash\Semester-6\DIP\attendanceProject\backend\app\utils\config_manager.py:83]
2025-10-24 12:21:53,922 - app - INFO - Logging configuration completed [in D:\University\Semester-Stash\Semester-6\DIP\attendanceProject\backend\app\utils\logging_config.py:48]
2025-10-24 12:21:53,925 - app.utils.config_manager - INFO - Environment variables loaded from .env file [in D:\University\Semester-Stash\Semester-6\DIP\attendanceProject\backend\app\utils\config_manager.py:17]
2025-10-24 12:21:53,926 - app.utils.config_manager - INFO - Configuration validation successful [in D:\University\Semester-Stash\Semester-6\DIP\attendanceProject\backend\app\utils\config_manager.py:83]
2025-10-24 12:21:54,027 - app - INFO - Storage directories created and startup tasks completed [in D:\University\Semester-Stash\Semester-6\DIP\attendanceProject\backend\app\__init__.py:84]
2025-10-24 12:21:54,028 - app - INFO - Flask application initialized successfully with all components [in D:\University\Semester-Stash\Semester-6\DIP\attendanceProject\backend\app\__init__.py:86]
2025-10-24 12:21:56,641 - app - INFO - Logging configuration completed [in D:\University\Semester-Stash\Semester-6\DIP\attendanceProject\backend\app\utils\logging_config.py:48]
2025-10-24 12:21:56,647 - app.utils.config_manager - INFO - Environment variables loaded from .env file [in D:\University\Semester-Stash\Semester-6\DIP\attendanceProject\backend\app\utils\config_manager.py:17]
2025-10-24 12:21:56,648 - app.utils.config_manager - INFO - Configuration validation successful [in D:\University\Semester-Stash\Semester-6\DIP\attendanceProject\backend\app\utils\config_manager.py:83]
2025-10-24 12:21:56,738 - app - INFO - Storage directories created and startup tasks completed [in D:\University\Semester-Stash\Semester-6\DIP\attendanceProject\backend\app\__init__.py:84]
2025-10-24 12:21:56,739 - app - INFO - Flask application initialized successfully with all components [in D:\University\Semester-Stash\Semester-6\DIP\attendanceProject\backend\app\__init__.py:86]
2025-10-24 12:21:56,784 - werkzeug - WARNING -  * Debugger is active! [in C:\Users\aaa\miniconda3\envs\dip_env\lib\site-packages\werkzeug\_internal.py:97]
2025-10-24 12:25:07,801 - app - INFO - Logging configuration completed [in D:\University\Semester-Stash\Semester-6\DIP\attendanceProject\backend\app\utils\logging_config.py:48]
2025-10-24 12:25:07,807 - app.utils.config_manager - INFO - Environment variables loaded from .env file [in D:\University\Semester-Stash\Semester-6\DIP\attendanceProject\backend\app\utils\config_manager.py:17]
2025-10-24 12:25:07,808 - app.utils.config_manager - INFO - Configuration validation successful [in D:\University\Semester-Stash\Semester-6\DIP\attendanceProject\backend\app\utils\config_manager.py:83]
2025-10-24 12:25:07,907 - app - INFO - Storage directories created and startup tasks completed [in D:\University\Semester-Stash\Semester-6\DIP\attendanceProject\backend\app\__init__.py:84]
2025-10-24 12:25:07,910 - app - INFO - Flask application initialized successfully with all components [in D:\University\Semester-Stash\Semester-6\DIP\attendanceProject\backend\app\__init__.py:86]
2025-10-24 12:25:10,177 - app - INFO - Logging configuration completed [in D:\University\Semester-Stash\Semester-6\DIP\attendanceProject\backend\app\utils\logging_config.py:48]
2025-10-24 12:25:10,182 - app.utils.config_manager - INFO - Environment variables loaded from .env file [in D:\University\Semester-Stash\Semester-6\DIP\attendanceProject\backend\app\utils\config_manager.py:17]
2025-10-24 12:25:10,184 - app.utils.config_manager - INFO - Configuration validation successful [in D:\University\Semester-Stash\Semester-6\DIP\attendanceProject\backend\app\utils\config_manager.py:83]
2025-10-24 12:25:10,284 - app - INFO - Storage directories created and startup tasks completed [in D:\University\Semester-Stash\Semester-6\DIP\attendanceProject\backend\app\__init__.py:84]
2025-10-24 12:25:10,285 - app - INFO - Flask application initialized successfully with all components [in D:\University\Semester-Stash\Semester-6\DIP\attendanceProject\backend\app\__init__.py:86]
2025-10-24 12:25:10,338 - werkzeug - WARNING -  * Debugger is active! [in C:\Users\aaa\miniconda3\envs\dip_env\lib\site-packages\werkzeug\_internal.py:97]
2025-10-24 16:52:48,856 - app - INFO - Logging configuration completed [in D:\University\Semester-Stash\Semester-6\DIP\attendanceProject\backend\app\utils\logging_config.py:48]
2025-10-24 16:52:48,864 - app.utils.config_manager - INFO - Environment variables loaded from .env file [in D:\University\Semester-Stash\Semester-6\DIP\attendanceProject\backend\app\utils\config_manager.py:17]
2025-10-24 16:52:48,866 - app.utils.config_manager - INFO - Configuration validation successful [in D:\University\Semester-Stash\Semester-6\DIP\attendanceProject\backend\app\utils\config_manager.py:83]
2025-10-24 16:52:49,107 - app - INFO - Storage directories created and startup tasks completed [in D:\University\Semester-Stash\Semester-6\DIP\attendanceProject\backend\app\__init__.py:80]
2025-10-24 16:52:49,108 - app - INFO - Flask application initialized successfully with all components [in D:\University\Semester-Stash\Semester-6\DIP\attendanceProject\backend\app\__init__.py:82]
2025-10-24 16:52:52,653 - app - INFO - Logging configuration completed [in D:\University\Semester-Stash\Semester-6\DIP\attendanceProject\backend\app\utils\logging_config.py:48]
2025-10-24 16:52:52,663 - app.utils.config_manager - INFO - Environment variables loaded from .env file [in D:\University\Semester-Stash\Semester-6\DIP\attendanceProject\backend\app\utils\config_manager.py:17]
2025-10-24 16:52:52,668 - app.utils.config_manager - INFO - Configuration validation successful [in D:\University\Semester-Stash\Semester-6\DIP\attendanceProject\backend\app\utils\config_manager.py:83]
2025-10-24 16:52:52,862 - app - INFO - Storage directories created and startup tasks completed [in D:\University\Semester-Stash\Semester-6\DIP\attendanceProject\backend\app\__init__.py:80]
2025-10-24 16:52:52,862 - app - INFO - Flask application initialized successfully with all components [in D:\University\Semester-Stash\Semester-6\DIP\attendanceProject\backend\app\__init__.py:82]
2025-10-24 16:52:52,900 - werkzeug - WARNING -  * Debugger is active! [in C:\Users\aaa\miniconda3\envs\dip_env\lib\site-packages\werkzeug\_internal.py:97]
2025-10-25 09:03:41,062 - app - INFO - Logging configuration completed [in D:\University\Semester-Stash\Semester-6\DIP\attendanceProject\backend\app\utils\logging_config.py:48]
2025-10-25 09:03:41,069 - app.utils.config_manager - INFO - Environment variables loaded from .env file [in D:\University\Semester-Stash\Semester-6\DIP\attendanceProject\backend\app\utils\config_manager.py:17]
2025-10-25 09:03:41,071 - app.utils.config_manager - INFO - Configuration validation successful [in D:\University\Semester-Stash\Semester-6\DIP\attendanceProject\backend\app\utils\config_manager.py:83]
2025-10-25 09:03:41,243 - app - INFO - Storage directories created and startup tasks completed [in D:\University\Semester-Stash\Semester-6\DIP\attendanceProject\backend\app\__init__.py:80]
2025-10-25 09:03:41,245 - app - INFO - Flask application initialized successfully with all components [in D:\University\Semester-Stash\Semester-6\DIP\attendanceProject\backend\app\__init__.py:82]
2025-10-25 09:03:45,627 - app - INFO - Logging configuration completed [in D:\University\Semester-Stash\Semester-6\DIP\attendanceProject\backend\app\utils\logging_config.py:48]
2025-10-25 09:03:45,642 - app.utils.config_manager - INFO - Environment variables loaded from .env file [in D:\University\Semester-Stash\Semester-6\DIP\attendanceProject\backend\app\utils\config_manager.py:17]
2025-10-25 09:03:45,650 - app.utils.config_manager - INFO - Configuration validation successful [in D:\University\Semester-Stash\Semester-6\DIP\attendanceProject\backend\app\utils\config_manager.py:83]
2025-10-25 09:03:45,846 - app - INFO - Storage directories created and startup tasks completed [in D:\University\Semester-Stash\Semester-6\DIP\attendanceProject\backend\app\__init__.py:80]
2025-10-25 09:03:45,847 - app - INFO - Flask application initialized successfully with all components [in D:\University\Semester-Stash\Semester-6\DIP\attendanceProject\backend\app\__init__.py:82]
2025-10-25 09:03:45,883 - werkzeug - WARNING -  * Debugger is active! [in C:\Users\aaa\miniconda3\envs\dip_env\lib\site-packages\werkzeug\_internal.py:97]
2025-10-25 09:19:01,594 - app - INFO - Logging configuration completed [in D:\University\Semester-Stash\Semester-6\DIP\attendanceProject\backend\app\utils\logging_config.py:48]
2025-10-25 09:19:01,599 - app.utils.config_manager - INFO - Environment variables loaded from .env file [in D:\University\Semester-Stash\Semester-6\DIP\attendanceProject\backend\app\utils\config_manager.py:17]
2025-10-25 09:19:01,601 - app.utils.config_manager - INFO - Configuration validation successful [in D:\University\Semester-Stash\Semester-6\DIP\attendanceProject\backend\app\utils\config_manager.py:83]
2025-10-25 09:19:01,832 - app - INFO - Storage directories created and startup tasks completed [in D:\University\Semester-Stash\Semester-6\DIP\attendanceProject\backend\app\__init__.py:80]
2025-10-25 09:19:01,834 - app - INFO - Flask application initialized successfully with all components [in D:\University\Semester-Stash\Semester-6\DIP\attendanceProject\backend\app\__init__.py:82]
2025-10-25 09:19:01,911 - werkzeug - WARNING -  * Debugger is active! [in C:\Users\aaa\miniconda3\envs\dip_env\lib\site-packages\werkzeug\_internal.py:97]
2025-10-25 09:20:10,061 - app - INFO - Logging configuration completed [in D:\University\Semester-Stash\Semester-6\DIP\attendanceProject\backend\app\utils\logging_config.py:48]
2025-10-25 09:20:10,065 - app.utils.config_manager - INFO - Environment variables loaded from .env file [in D:\University\Semester-Stash\Semester-6\DIP\attendanceProject\backend\app\utils\config_manager.py:17]
2025-10-25 09:20:10,067 - app.utils.config_manager - INFO - Configuration validation successful [in D:\University\Semester-Stash\Semester-6\DIP\attendanceProject\backend\app\utils\config_manager.py:83]
2025-10-25 09:20:10,180 - app - INFO - Storage directories created and startup tasks completed [in D:\University\Semester-Stash\Semester-6\DIP\attendanceProject\backend\app\__init__.py:80]
2025-10-25 09:20:10,182 - app - INFO - Flask application initialized successfully with all components [in D:\University\Semester-Stash\Semester-6\DIP\attendanceProject\backend\app\__init__.py:82]
2025-10-25 09:20:10,232 - werkzeug - WARNING -  * Debugger is active! [in C:\Users\aaa\miniconda3\envs\dip_env\lib\site-packages\werkzeug\_internal.py:97]
2025-10-25 09:20:26,292 - app - INFO - Logging configuration completed [in D:\University\Semester-Stash\Semester-6\DIP\attendanceProject\backend\app\utils\logging_config.py:48]
2025-10-25 09:20:26,299 - app.utils.config_manager - INFO - Environment variables loaded from .env file [in D:\University\Semester-Stash\Semester-6\DIP\attendanceProject\backend\app\utils\config_manager.py:17]
2025-10-25 09:20:26,301 - app.utils.config_manager - INFO - Configuration validation successful [in D:\University\Semester-Stash\Semester-6\DIP\attendanceProject\backend\app\utils\config_manager.py:83]
2025-10-25 09:20:26,430 - app - INFO - Storage directories created and startup tasks completed [in D:\University\Semester-Stash\Semester-6\DIP\attendanceProject\backend\app\__init__.py:80]
2025-10-25 09:20:26,432 - app - INFO - Flask application initialized successfully with all components [in D:\University\Semester-Stash\Semester-6\DIP\attendanceProject\backend\app\__init__.py:82]
2025-10-25 09:20:26,481 - werkzeug - WARNING -  * Debugger is active! [in C:\Users\aaa\miniconda3\envs\dip_env\lib\site-packages\werkzeug\_internal.py:97]
2025-10-25 09:21:28,571 - app - INFO - Logging configuration completed [in D:\University\Semester-Stash\Semester-6\DIP\attendanceProject\backend\app\utils\logging_config.py:48]
2025-10-25 09:21:28,580 - app.utils.config_manager - INFO - Environment variables loaded from .env file [in D:\University\Semester-Stash\Semester-6\DIP\attendanceProject\backend\app\utils\config_manager.py:17]
2025-10-25 09:21:28,583 - app.utils.config_manager - INFO - Configuration validation successful [in D:\University\Semester-Stash\Semester-6\DIP\attendanceProject\backend\app\utils\config_manager.py:83]
2025-10-25 09:21:28,749 - app - INFO - Storage directories created and startup tasks completed [in D:\University\Semester-Stash\Semester-6\DIP\attendanceProject\backend\app\__init__.py:80]
2025-10-25 09:21:28,751 - app - INFO - Flask application initialized successfully with all components [in D:\University\Semester-Stash\Semester-6\DIP\attendanceProject\backend\app\__init__.py:82]
2025-10-25 09:21:28,830 - werkzeug - WARNING -  * Debugger is active! [in C:\Users\aaa\miniconda3\envs\dip_env\lib\site-packages\werkzeug\_internal.py:97]
2025-10-25 09:21:41,354 - app - INFO - Logging configuration completed [in D:\University\Semester-Stash\Semester-6\DIP\attendanceProject\backend\app\utils\logging_config.py:48]
2025-10-25 09:21:41,367 - app.utils.config_manager - INFO - Environment variables loaded from .env file [in D:\University\Semester-Stash\Semester-6\DIP\attendanceProject\backend\app\utils\config_manager.py:17]
2025-10-25 09:21:41,372 - app.utils.config_manager - INFO - Configuration validation successful [in D:\University\Semester-Stash\Semester-6\DIP\attendanceProject\backend\app\utils\config_manager.py:83]
2025-10-25 09:21:41,621 - app - INFO - Storage directories created and startup tasks completed [in D:\University\Semester-Stash\Semester-6\DIP\attendanceProject\backend\app\__init__.py:80]
2025-10-25 09:21:41,624 - app - INFO - Flask application initialized successfully with all components [in D:\University\Semester-Stash\Semester-6\DIP\attendanceProject\backend\app\__init__.py:82]
2025-10-25 09:21:41,743 - werkzeug - WARNING -  * Debugger is active! [in C:\Users\aaa\miniconda3\envs\dip_env\lib\site-packages\werkzeug\_internal.py:97]
2025-10-25 09:21:53,476 - app - INFO - Logging configuration completed [in D:\University\Semester-Stash\Semester-6\DIP\attendanceProject\backend\app\utils\logging_config.py:48]
2025-10-25 09:21:53,481 - app.utils.config_manager - INFO - Environment variables loaded from .env file [in D:\University\Semester-Stash\Semester-6\DIP\attendanceProject\backend\app\utils\config_manager.py:17]
2025-10-25 09:21:53,482 - app.utils.config_manager - INFO - Configuration validation successful [in D:\University\Semester-Stash\Semester-6\DIP\attendanceProject\backend\app\utils\config_manager.py:83]
2025-10-25 09:21:53,614 - app - INFO - Storage directories created and startup tasks completed [in D:\University\Semester-Stash\Semester-6\DIP\attendanceProject\backend\app\__init__.py:80]
2025-10-25 09:21:53,615 - app - INFO - Flask application initialized successfully with all components [in D:\University\Semester-Stash\Semester-6\DIP\attendanceProject\backend\app\__init__.py:82]
2025-10-25 09:21:53,666 - werkzeug - WARNING -  * Debugger is active! [in C:\Users\aaa\miniconda3\envs\dip_env\lib\site-packages\werkzeug\_internal.py:97]
2025-10-25 09:22:22,762 - app - INFO - Logging configuration completed [in D:\University\Semester-Stash\Semester-6\DIP\attendanceProject\backend\app\utils\logging_config.py:48]
2025-10-25 09:22:22,768 - app.utils.config_manager - INFO - Environment variables loaded from .env file [in D:\University\Semester-Stash\Semester-6\DIP\attendanceProject\backend\app\utils\config_manager.py:17]
2025-10-25 09:22:22,770 - app.utils.config_manager - INFO - Configuration validation successful [in D:\University\Semester-Stash\Semester-6\DIP\attendanceProject\backend\app\utils\config_manager.py:83]
2025-10-25 09:22:22,915 - app - INFO - Storage directories created and startup tasks completed [in D:\University\Semester-Stash\Semester-6\DIP\attendanceProject\backend\app\__init__.py:81]
2025-10-25 09:22:22,916 - app - INFO - Flask application initialized successfully with all components [in D:\University\Semester-Stash\Semester-6\DIP\attendanceProject\backend\app\__init__.py:83]
2025-10-25 09:22:22,965 - werkzeug - WARNING -  * Debugger is active! [in C:\Users\aaa\miniconda3\envs\dip_env\lib\site-packages\werkzeug\_internal.py:97]
2025-10-25 09:22:34,528 - app - INFO - Logging configuration completed [in D:\University\Semester-Stash\Semester-6\DIP\attendanceProject\backend\app\utils\logging_config.py:48]
2025-10-25 09:22:34,533 - app.utils.config_manager - INFO - Environment variables loaded from .env file [in D:\University\Semester-Stash\Semester-6\DIP\attendanceProject\backend\app\utils\config_manager.py:17]
2025-10-25 09:22:34,534 - app.utils.config_manager - INFO - Configuration validation successful [in D:\University\Semester-Stash\Semester-6\DIP\attendanceProject\backend\app\utils\config_manager.py:83]
2025-10-25 09:22:34,631 - app - INFO - Storage directories created and startup tasks completed [in D:\University\Semester-Stash\Semester-6\DIP\attendanceProject\backend\app\__init__.py:81]
2025-10-25 09:22:34,632 - app - INFO - Flask application initialized successfully with all components [in D:\University\Semester-Stash\Semester-6\DIP\attendanceProject\backend\app\__init__.py:83]
2025-10-25 09:22:34,672 - werkzeug - WARNING -  * Debugger is active! [in C:\Users\aaa\miniconda3\envs\dip_env\lib\site-packages\werkzeug\_internal.py:97]
